// Jest Snapshot v1, https://goo.gl/fbAQLP

exports[`ViewHistory component renders ViewHistory 1`] = `
<section>
  <h2>
    Request History
  </h2>
  <div>
    <ul />
  </div>
</section>
`;
