// Jest Snapshot v1, https://goo.gl/fbAQLP

exports[`ViewResults component renders ViewResults 1`] = `
<section>
  <h2>
    Results
  </h2>
  <JSONPretty
    data={
      Array [
        Object {},
      ]
    }
    json=""
    silent={true}
    space={2}
    themeClassName="__json-pretty__"
  />
</section>
`;
